// Jest Snapshot v1, https://goo.gl/fbAQLP

exports[`basic renders intial render 1`] = `
<DocumentFragment>
  <div
    class="MuiBox-root css-0"
    style="position: absolute; top: 15%; left: 10%; right: 10%;"
  >
    <div
      class="MuiGrid-root MuiGrid-container MuiGrid-spacing-xs-3 css-zow5z4-MuiGrid-root"
    >
      <div
        class="MuiGrid-root MuiGrid-item MuiGrid-grid-xs-12 css-1idn90j-MuiGrid-root"
      >
        <div
          class="MuiToggleButtonGroup-root css-1gjgmky-MuiToggleButtonGroup-root"
          role="group"
        >
          <button
            aria-pressed="true"
            class="MuiButtonBase-root Mui-disabled MuiToggleButton-root Mui-selected Mui-disabled MuiToggleButton-sizeMedium MuiToggleButton-primary MuiToggleButtonGroup-grouped MuiToggleButtonGroup-groupedHorizontal css-d9c359-MuiButtonBase-root-MuiToggleButton-root"
            disabled=""
            tabindex="-1"
            type="button"
            value="login"
          >
            Login
          </button>
          <button
            aria-pressed="false"
            class="MuiButtonBase-root MuiToggleButton-root MuiToggleButton-sizeMedium MuiToggleButton-primary MuiToggleButtonGroup-grouped MuiToggleButtonGroup-groupedHorizontal css-d9c359-MuiButtonBase-root-MuiToggleButton-root"
            tabindex="0"
            type="button"
            value="signup"
          >
            Sign Up
            <span
              class="MuiTouchRipple-root css-8je8zh-MuiTouchRipple-root"
            />
          </button>
        </div>
      </div>
      <div
        class="MuiGrid-root MuiGrid-item MuiGrid-grid-xs-12 css-1idn90j-MuiGrid-root"
      >
        <p
          class="MuiTypography-root MuiTypography-body1 css-ahj2mt-MuiTypography-root"
        >
          Enter email:
        </p>
        <div
          class="MuiFormControl-root css-1nrlq1o-MuiFormControl-root"
        >
          <div
            aria-label="Enter a valid email"
            class="MuiInputBase-root MuiOutlinedInput-root MuiInputBase-colorPrimary Mui-error MuiInputBase-formControl css-9ddj71-MuiInputBase-root-MuiOutlinedInput-root"
            data-mui-internal-clone-element="true"
          >
            <input
              aria-invalid="true"
              class="MuiInputBase-input MuiOutlinedInput-input css-1t8l2tu-MuiInputBase-input-MuiOutlinedInput-input"
              type="email"
              value=""
            />
            <fieldset
              aria-hidden="true"
              class="MuiOutlinedInput-notchedOutline css-1d3z3hw-MuiOutlinedInput-notchedOutline"
            >
              <legend
                class="css-ihdtdm"
              >
                <span
                  class="notranslate"
                >
                  ​
                </span>
              </legend>
            </fieldset>
          </div>
        </div>
      </div>
      <div
        class="MuiGrid-root MuiGrid-item MuiGrid-grid-xs-12 css-1idn90j-MuiGrid-root"
      >
        <p
          class="MuiTypography-root MuiTypography-body1 css-ahj2mt-MuiTypography-root"
        >
          Enter password:
        </p>
        <div
          class="MuiFormControl-root css-1nrlq1o-MuiFormControl-root"
        >
          <div
            aria-label="Minimum 8 characters with a lowercase and uppercase letter, a number and a symbol"
            class="MuiInputBase-root MuiOutlinedInput-root MuiInputBase-colorPrimary Mui-error MuiInputBase-formControl MuiInputBase-adornedEnd css-o9k5xi-MuiInputBase-root-MuiOutlinedInput-root"
            data-mui-internal-clone-element="true"
          >
            <input
              aria-invalid="true"
              class="MuiInputBase-input MuiOutlinedInput-input MuiInputBase-inputAdornedEnd css-nxo287-MuiInputBase-input-MuiOutlinedInput-input"
              type="password"
              value=""
            />
            <div
              class="MuiInputAdornment-root MuiInputAdornment-positionEnd MuiInputAdornment-outlined MuiInputAdornment-sizeMedium css-1laqsz7-MuiInputAdornment-root"
            >
              <button
                class="MuiButtonBase-root MuiIconButton-root MuiIconButton-edgeEnd MuiIconButton-sizeMedium css-1yq5fb3-MuiButtonBase-root-MuiIconButton-root"
                tabindex="0"
                type="button"
              >
                <svg
                  aria-hidden="true"
                  class="MuiSvgIcon-root MuiSvgIcon-fontSizeMedium css-i4bv87-MuiSvgIcon-root"
                  data-testid="VisibilityIcon"
                  focusable="false"
                  viewBox="0 0 24 24"
                >
                  <path
                    d="M12 4.5C7 4.5 2.73 7.61 1 12c1.73 4.39 6 7.5 11 7.5s9.27-3.11 11-7.5c-1.73-4.39-6-7.5-11-7.5zM12 17c-2.76 0-5-2.24-5-5s2.24-5 5-5 5 2.24 5 5-2.24 5-5 5zm0-8c-1.66 0-3 1.34-3 3s1.34 3 3 3 3-1.34 3-3-1.34-3-3-3z"
                  />
                </svg>
                <span
                  class="MuiTouchRipple-root css-8je8zh-MuiTouchRipple-root"
                />
              </button>
            </div>
            <fieldset
              aria-hidden="true"
              class="MuiOutlinedInput-notchedOutline css-1d3z3hw-MuiOutlinedInput-notchedOutline"
            >
              <legend
                class="css-ihdtdm"
              >
                <span
                  class="notranslate"
                >
                  ​
                </span>
              </legend>
            </fieldset>
          </div>
        </div>
        <button
          class="MuiButtonBase-root MuiIconButton-root MuiIconButton-sizeMedium css-78trlr-MuiButtonBase-root-MuiIconButton-root"
          tabindex="0"
          type="button"
        >
          <svg
            aria-hidden="true"
            class="MuiSvgIcon-root MuiSvgIcon-fontSizeMedium css-i4bv87-MuiSvgIcon-root"
            data-testid="ArrowCircleRightIcon"
            focusable="false"
            viewBox="0 0 24 24"
          >
            <path
              d="M22 12c0-5.52-4.48-10-10-10S2 6.48 2 12s4.48 10 10 10 10-4.48 10-10zm-10 1H8v-2h4V8l4 4-4 4v-3z"
            />
          </svg>
          <span
            class="MuiTouchRipple-root css-8je8zh-MuiTouchRipple-root"
          />
        </button>
      </div>
    </div>
  </div>
</DocumentFragment>
`;
